{"level":"info","message":"🚀 Server running in development mode on port 5000","service":"blog-backend","timestamp":"2026-04-25 22:23:41"}
{"level":"info","message":"📦 Database: Supabase (https://hqoebdbzoyjdkszgdpmb.supabase.co)","service":"blog-backend","timestamp":"2026-04-25 22:23:41"}
{"level":"info","message":"🚀 Server running in development mode on port 5000","service":"blog-backend","timestamp":"2026-04-25 22:23:49"}
{"level":"info","message":"📦 Database: Supabase (https://hqoebdbzoyjdkszgdpmb.supabase.co)","service":"blog-backend","timestamp":"2026-04-25 22:23:49"}
{"level":"info","message":"🚀 Server running in development mode on port 5000","service":"blog-backend","timestamp":"2026-04-25 22:23:57"}
{"level":"info","message":"📦 Database: Supabase (https://hqoebdbzoyjdkszgdpmb.supabase.co)","service":"blog-backend","timestamp":"2026-04-25 22:23:57"}
{"level":"info","message":"----------------------------------------------","service":"blog-backend","timestamp":"2026-04-25 22:24:06"}
{"level":"info","message":"🚀 Server is running in development mode","service":"blog-backend","timestamp":"2026-04-25 22:24:06"}
{"level":"info","message":"📡 Listening on port: 5000","service":"blog-backend","timestamp":"2026-04-25 22:24:06"}
{"level":"info","message":"🔗 URL: http://localhost:5000","service":"blog-backend","timestamp":"2026-04-25 22:24:06"}
{"level":"info","message":"📦 Database: Supabase (https://hqoebdbzoyjdkszgdpmb.supabase.co)","service":"blog-backend","timestamp":"2026-04-25 22:24:06"}
{"level":"info","message":"----------------------------------------------","service":"blog-backend","timestamp":"2026-04-25 22:24:06"}
{"level":"info","message":"----------------------------------------------","service":"blog-backend","timestamp":"2026-04-25 22:24:19"}
{"level":"info","message":"🚀 Server is running in development mode","service":"blog-backend","timestamp":"2026-04-25 22:24:19"}
{"level":"info","message":"📡 Listening on port: 5000","service":"blog-backend","timestamp":"2026-04-25 22:24:19"}
{"level":"info","message":"🔗 URL: http://localhost:5000","service":"blog-backend","timestamp":"2026-04-25 22:24:19"}
{"level":"info","message":"📦 Database: Supabase (https://hqoebdbzoyjdkszgdpmb.supabase.co)","service":"blog-backend","timestamp":"2026-04-25 22:24:19"}
{"level":"info","message":"----------------------------------------------","service":"blog-backend","timestamp":"2026-04-25 22:24:19"}
{"isOperational":false,"level":"error","message":"Publishable key is missing. Ensure that your publishable key is correctly configured. Double-check your environment configuration for your keys, or access them here: https://dashboard.clerk.com/last-active?path=api-keys","service":"blog-backend","stack":"Error: Publishable key is missing. Ensure that your publishable key is correctly configured. Double-check your environment configuration for your keys, or access them here: https://dashboard.clerk.com/last-active?path=api-keys\n    at parsePublishableKey (/home/gourav-gupta/Desktop/Gupta Corporation/Projects/Blog Website/backend/node_modules/@clerk/backend/node_modules/@clerk/shared/dist/runtime/keys-wr08qE7Y.js:53:36)\n    at assertValidPublishableKey (/home/gourav-gupta/Desktop/Gupta Corporation/Projects/Blog Website/backend/node_modules/@clerk/backend/dist/index.js:1231:39)\n    at AuthenticateContext.initPublishableKeyValues (/home/gourav-gupta/Desktop/Gupta Corporation/Projects/Blog Website/backend/node_modules/@clerk/backend/dist/index.js:3163:5)\n    at new AuthenticateContext (/home/gourav-gupta/Desktop/Gupta Corporation/Projects/Blog Website/backend/node_modules/@clerk/backend/dist/index.js:3112:10)\n    at createAuthenticateContext (/home/gourav-gupta/Desktop/Gupta Corporation/Projects/Blog Website/backend/node_modules/@clerk/backend/dist/index.js:3251:10)\n    at authenticateRequest (/home/gourav-gupta/Desktop/Gupta Corporation/Projects/Blog Website/backend/node_modules/@clerk/backend/dist/index.js:4000:37)\n    at Proxy.authenticateRequest2 (/home/gourav-gupta/Desktop/Gupta Corporation/Projects/Blog Website/backend/node_modules/@clerk/backend/dist/index.js:4364:12)\n    at authenticateRequest (/home/gourav-gupta/Desktop/Gupta Corporation/Projects/Blog Website/backend/node_modules/@clerk/clerk-sdk-node/dist/index.js:100:23)\n    at /home/gourav-gupta/Desktop/Gupta Corporation/Projects/Blog Website/backend/node_modules/@clerk/clerk-sdk-node/dist/index.js:196:30\n    at Layer.handleRequest (/home/gourav-gupta/Desktop/Gupta Corporation/Projects/Blog Website/backend/node_modules/router/lib/layer.js:152:17)","statusCode":500,"timestamp":"2026-04-25 22:24:23"}
{"isOperational":false,"level":"error","message":"Publishable key is missing. Ensure that your publishable key is correctly configured. Double-check your environment configuration for your keys, or access them here: https://dashboard.clerk.com/last-active?path=api-keys","service":"blog-backend","stack":"Error: Publishable key is missing. Ensure that your publishable key is correctly configured. Double-check your environment configuration for your keys, or access them here: https://dashboard.clerk.com/last-active?path=api-keys\n    at parsePublishableKey (/home/gourav-gupta/Desktop/Gupta Corporation/Projects/Blog Website/backend/node_modules/@clerk/backend/node_modules/@clerk/shared/dist/runtime/keys-wr08qE7Y.js:53:36)\n    at assertValidPublishableKey (/home/gourav-gupta/Desktop/Gupta Corporation/Projects/Blog Website/backend/node_modules/@clerk/backend/dist/index.js:1231:39)\n    at AuthenticateContext.initPublishableKeyValues (/home/gourav-gupta/Desktop/Gupta Corporation/Projects/Blog Website/backend/node_modules/@clerk/backend/dist/index.js:3163:5)\n    at new AuthenticateContext (/home/gourav-gupta/Desktop/Gupta Corporation/Projects/Blog Website/backend/node_modules/@clerk/backend/dist/index.js:3112:10)\n    at createAuthenticateContext (/home/gourav-gupta/Desktop/Gupta Corporation/Projects/Blog Website/backend/node_modules/@clerk/backend/dist/index.js:3251:10)\n    at authenticateRequest (/home/gourav-gupta/Desktop/Gupta Corporation/Projects/Blog Website/backend/node_modules/@clerk/backend/dist/index.js:4000:37)\n    at Proxy.authenticateRequest2 (/home/gourav-gupta/Desktop/Gupta Corporation/Projects/Blog Website/backend/node_modules/@clerk/backend/dist/index.js:4364:12)\n    at authenticateRequest (/home/gourav-gupta/Desktop/Gupta Corporation/Projects/Blog Website/backend/node_modules/@clerk/clerk-sdk-node/dist/index.js:100:23)\n    at /home/gourav-gupta/Desktop/Gupta Corporation/Projects/Blog Website/backend/node_modules/@clerk/clerk-sdk-node/dist/index.js:196:30\n    at Layer.handleRequest (/home/gourav-gupta/Desktop/Gupta Corporation/Projects/Blog Website/backend/node_modules/router/lib/layer.js:152:17)","statusCode":500,"timestamp":"2026-04-25 22:24:23"}
{"level":"info","message":"----------------------------------------------","service":"blog-backend","timestamp":"2026-04-25 22:24:32"}
{"level":"info","message":"🚀 Server is running in development mode","service":"blog-backend","timestamp":"2026-04-25 22:24:32"}
{"level":"info","message":"📡 Listening on port: 5000","service":"blog-backend","timestamp":"2026-04-25 22:24:32"}
{"level":"info","message":"🔗 URL: http://localhost:5000","service":"blog-backend","timestamp":"2026-04-25 22:24:32"}
{"level":"info","message":"📦 Database: Supabase (https://hqoebdbzoyjdkszgdpmb.supabase.co)","service":"blog-backend","timestamp":"2026-04-25 22:24:32"}
{"level":"info","message":"----------------------------------------------","service":"blog-backend","timestamp":"2026-04-25 22:24:32"}
{"level":"info","message":"----------------------------------------------","service":"blog-backend","timestamp":"2026-04-25 22:24:39"}
{"level":"info","message":"🚀 Server is running in development mode","service":"blog-backend","timestamp":"2026-04-25 22:24:39"}
{"level":"info","message":"📡 Listening on port: 5000","service":"blog-backend","timestamp":"2026-04-25 22:24:39"}
{"level":"info","message":"🔗 URL: http://localhost:5000","service":"blog-backend","timestamp":"2026-04-25 22:24:39"}
{"level":"info","message":"📦 Database: Supabase (https://hqoebdbzoyjdkszgdpmb.supabase.co)","service":"blog-backend","timestamp":"2026-04-25 22:24:39"}
{"level":"info","message":"----------------------------------------------","service":"blog-backend","timestamp":"2026-04-25 22:24:39"}
{"level":"info","message":"----------------------------------------------","service":"blog-backend","timestamp":"2026-04-26 12:40:17"}
{"level":"info","message":"🚀 Server is running in development mode","service":"blog-backend","timestamp":"2026-04-26 12:40:17"}
{"level":"info","message":"📡 Listening on port: 5000","service":"blog-backend","timestamp":"2026-04-26 12:40:17"}
{"level":"info","message":"🔗 URL: http://localhost:5000","service":"blog-backend","timestamp":"2026-04-26 12:40:17"}
{"level":"info","message":"📦 Database: Supabase (https://hqoebdbzoyjdkszgdpmb.supabase.co)","service":"blog-backend","timestamp":"2026-04-26 12:40:17"}
{"level":"info","message":"----------------------------------------------","service":"blog-backend","timestamp":"2026-04-26 12:40:17"}
{"level":"info","message":"----------------------------------------------","service":"blog-backend","timestamp":"2026-04-26 14:44:16"}
{"level":"info","message":"🚀 Server is running in development mode","service":"blog-backend","timestamp":"2026-04-26 14:44:16"}
{"level":"info","message":"📡 Listening on port: 5000","service":"blog-backend","timestamp":"2026-04-26 14:44:16"}
{"level":"info","message":"🔗 URL: http://localhost:5000","service":"blog-backend","timestamp":"2026-04-26 14:44:16"}
{"level":"info","message":"📦 Database: Supabase (https://hqoebdbzoyjdkszgdpmb.supabase.co)","service":"blog-backend","timestamp":"2026-04-26 14:44:16"}
{"level":"info","message":"----------------------------------------------","service":"blog-backend","timestamp":"2026-04-26 14:44:16"}
{"level":"info","message":"----------------------------------------------","service":"blog-backend","timestamp":"2026-04-26 14:45:20"}
{"level":"info","message":"🚀 Server is running in development mode","service":"blog-backend","timestamp":"2026-04-26 14:45:20"}
{"level":"info","message":"📡 Listening on port: 5000","service":"blog-backend","timestamp":"2026-04-26 14:45:20"}
{"level":"info","message":"🔗 URL: http://localhost:5000","service":"blog-backend","timestamp":"2026-04-26 14:45:20"}
{"level":"info","message":"📦 Database: Supabase (https://hqoebdbzoyjdkszgdpmb.supabase.co)","service":"blog-backend","timestamp":"2026-04-26 14:45:20"}
{"level":"info","message":"----------------------------------------------","service":"blog-backend","timestamp":"2026-04-26 14:45:20"}
{"level":"info","message":"----------------------------------------------","service":"blog-backend","timestamp":"2026-04-26 14:46:15"}
{"level":"info","message":"🚀 Server is running in development mode","service":"blog-backend","timestamp":"2026-04-26 14:46:15"}
{"level":"info","message":"📡 Listening on port: 5000","service":"blog-backend","timestamp":"2026-04-26 14:46:15"}
{"level":"info","message":"🔗 URL: http://localhost:5000","service":"blog-backend","timestamp":"2026-04-26 14:46:15"}
{"level":"info","message":"📦 Database: Supabase (https://hqoebdbzoyjdkszgdpmb.supabase.co)","service":"blog-backend","timestamp":"2026-04-26 14:46:15"}
{"level":"info","message":"----------------------------------------------","service":"blog-backend","timestamp":"2026-04-26 14:46:15"}
{"level":"info","message":"----------------------------------------------","service":"blog-backend","timestamp":"2026-04-26 14:46:29"}
{"level":"info","message":"🚀 Server is running in development mode","service":"blog-backend","timestamp":"2026-04-26 14:46:29"}
{"level":"info","message":"📡 Listening on port: 5000","service":"blog-backend","timestamp":"2026-04-26 14:46:29"}
{"level":"info","message":"🔗 URL: http://localhost:5000","service":"blog-backend","timestamp":"2026-04-26 14:46:29"}
{"level":"info","message":"📦 Database: Supabase (https://hqoebdbzoyjdkszgdpmb.supabase.co)","service":"blog-backend","timestamp":"2026-04-26 14:46:29"}
{"level":"info","message":"----------------------------------------------","service":"blog-backend","timestamp":"2026-04-26 14:46:29"}
{"level":"info","message":"----------------------------------------------","service":"blog-backend","timestamp":"2026-04-28 21:43:48"}
{"level":"info","message":"🚀 Server is running in development mode","service":"blog-backend","timestamp":"2026-04-28 21:43:48"}
{"level":"info","message":"📡 Listening on port: 5000","service":"blog-backend","timestamp":"2026-04-28 21:43:48"}
{"level":"info","message":"🔗 URL: http://localhost:5000","service":"blog-backend","timestamp":"2026-04-28 21:43:48"}
{"level":"info","message":"📦 Database: Supabase (https://hqoebdbzoyjdkszgdpmb.supabase.co)","service":"blog-backend","timestamp":"2026-04-28 21:43:48"}
{"level":"info","message":"----------------------------------------------","service":"blog-backend","timestamp":"2026-04-28 21:43:48"}
{"level":"info","message":"----------------------------------------------","service":"blog-backend","timestamp":"2026-04-28 21:46:59"}
{"level":"info","message":"🚀 Server is running in development mode","service":"blog-backend","timestamp":"2026-04-28 21:46:59"}
{"level":"info","message":"📡 Listening on port: 5000","service":"blog-backend","timestamp":"2026-04-28 21:46:59"}
{"level":"info","message":"🔗 URL: http://localhost:5000","service":"blog-backend","timestamp":"2026-04-28 21:46:59"}
{"level":"info","message":"📦 Database: Supabase (https://hqoebdbzoyjdkszgdpmb.supabase.co)","service":"blog-backend","timestamp":"2026-04-28 21:46:59"}
{"level":"info","message":"----------------------------------------------","service":"blog-backend","timestamp":"2026-04-28 21:46:59"}
{"level":"info","message":"----------------------------------------------","service":"blog-backend","timestamp":"2026-04-28 22:20:20"}
{"level":"info","message":"🚀 Server is running in development mode","service":"blog-backend","timestamp":"2026-04-28 22:20:20"}
{"level":"info","message":"📡 Listening on port: 5000","service":"blog-backend","timestamp":"2026-04-28 22:20:20"}
{"level":"info","message":"🔗 URL: http://localhost:5000","service":"blog-backend","timestamp":"2026-04-28 22:20:20"}
{"level":"info","message":"📦 Database: Supabase (https://hqoebdbzoyjdkszgdpmb.supabase.co)","service":"blog-backend","timestamp":"2026-04-28 22:20:20"}
{"level":"info","message":"----------------------------------------------","service":"blog-backend","timestamp":"2026-04-28 22:20:20"}
{"level":"info","message":"----------------------------------------------","service":"blog-backend","timestamp":"2026-04-28 22:44:25"}
{"level":"info","message":"🚀 Server is running in development mode","service":"blog-backend","timestamp":"2026-04-28 22:44:25"}
{"level":"info","message":"📡 Listening on port: 5000","service":"blog-backend","timestamp":"2026-04-28 22:44:25"}
{"level":"info","message":"🔗 URL: http://localhost:5000","service":"blog-backend","timestamp":"2026-04-28 22:44:25"}
{"level":"info","message":"📦 Database: Supabase (https://hqoebdbzoyjdkszgdpmb.supabase.co)","service":"blog-backend","timestamp":"2026-04-28 22:44:25"}
{"level":"info","message":"----------------------------------------------","service":"blog-backend","timestamp":"2026-04-28 22:44:25"}
{"level":"info","message":"----------------------------------------------","service":"blog-backend","timestamp":"2026-04-28 23:00:22"}
{"level":"info","message":"🚀 Server is running in development mode","service":"blog-backend","timestamp":"2026-04-28 23:00:22"}
{"level":"info","message":"📡 Listening on port: 5000","service":"blog-backend","timestamp":"2026-04-28 23:00:22"}
{"level":"info","message":"🔗 URL: http://localhost:5000","service":"blog-backend","timestamp":"2026-04-28 23:00:22"}
{"level":"info","message":"📦 Database: Supabase (https://hqoebdbzoyjdkszgdpmb.supabase.co)","service":"blog-backend","timestamp":"2026-04-28 23:00:22"}
{"level":"info","message":"----------------------------------------------","service":"blog-backend","timestamp":"2026-04-28 23:00:22"}
{"level":"info","message":"----------------------------------------------","service":"blog-backend","timestamp":"2026-04-28 23:02:10"}
{"level":"info","message":"🚀 Server is running in development mode","service":"blog-backend","timestamp":"2026-04-28 23:02:10"}
{"level":"info","message":"📡 Listening on port: 5000","service":"blog-backend","timestamp":"2026-04-28 23:02:10"}
{"level":"info","message":"🔗 URL: http://localhost:5000","service":"blog-backend","timestamp":"2026-04-28 23:02:10"}
{"level":"info","message":"📦 Database: Supabase (https://hqoebdbzoyjdkszgdpmb.supabase.co)","service":"blog-backend","timestamp":"2026-04-28 23:02:10"}
{"level":"info","message":"----------------------------------------------","service":"blog-backend","timestamp":"2026-04-28 23:02:10"}
{"isOperational":false,"level":"error","message":"Publishable key is missing. Ensure that your publishable key is correctly configured. Double-check your environment configuration for your keys, or access them here: https://dashboard.clerk.com/last-active?path=api-keys","service":"blog-backend","stack":"Error: Publishable key is missing. Ensure that your publishable key is correctly configured. Double-check your environment configuration for your keys, or access them here: https://dashboard.clerk.com/last-active?path=api-keys\n    at parsePublishableKey (/home/gourav-gupta/Desktop/Gupta Corporation/Projects/Blog Website/backend/node_modules/@clerk/backend/node_modules/@clerk/shared/dist/runtime/keys-wr08qE7Y.js:53:36)\n    at assertValidPublishableKey (/home/gourav-gupta/Desktop/Gupta Corporation/Projects/Blog Website/backend/node_modules/@clerk/backend/dist/index.js:1231:39)\n    at AuthenticateContext.initPublishableKeyValues (/home/gourav-gupta/Desktop/Gupta Corporation/Projects/Blog Website/backend/node_modules/@clerk/backend/dist/index.js:3163:5)\n    at new AuthenticateContext (/home/gourav-gupta/Desktop/Gupta Corporation/Projects/Blog Website/backend/node_modules/@clerk/backend/dist/index.js:3112:10)\n    at createAuthenticateContext (/home/gourav-gupta/Desktop/Gupta Corporation/Projects/Blog Website/backend/node_modules/@clerk/backend/dist/index.js:3251:10)\n    at authenticateRequest (/home/gourav-gupta/Desktop/Gupta Corporation/Projects/Blog Website/backend/node_modules/@clerk/backend/dist/index.js:4000:37)\n    at Proxy.authenticateRequest2 (/home/gourav-gupta/Desktop/Gupta Corporation/Projects/Blog Website/backend/node_modules/@clerk/backend/dist/index.js:4364:12)\n    at authenticateRequest (/home/gourav-gupta/Desktop/Gupta Corporation/Projects/Blog Website/backend/node_modules/@clerk/clerk-sdk-node/dist/index.js:100:23)\n    at /home/gourav-gupta/Desktop/Gupta Corporation/Projects/Blog Website/backend/node_modules/@clerk/clerk-sdk-node/dist/index.js:196:30\n    at Layer.handleRequest (/home/gourav-gupta/Desktop/Gupta Corporation/Projects/Blog Website/backend/node_modules/router/lib/layer.js:152:17)","statusCode":500,"timestamp":"2026-04-28 23:08:12"}
{"isOperational":false,"level":"error","message":"Publishable key is missing. Ensure that your publishable key is correctly configured. Double-check your environment configuration for your keys, or access them here: https://dashboard.clerk.com/last-active?path=api-keys","service":"blog-backend","stack":"Error: Publishable key is missing. Ensure that your publishable key is correctly configured. Double-check your environment configuration for your keys, or access them here: https://dashboard.clerk.com/last-active?path=api-keys\n    at parsePublishableKey (/home/gourav-gupta/Desktop/Gupta Corporation/Projects/Blog Website/backend/node_modules/@clerk/backend/node_modules/@clerk/shared/dist/runtime/keys-wr08qE7Y.js:53:36)\n    at assertValidPublishableKey (/home/gourav-gupta/Desktop/Gupta Corporation/Projects/Blog Website/backend/node_modules/@clerk/backend/dist/index.js:1231:39)\n    at AuthenticateContext.initPublishableKeyValues (/home/gourav-gupta/Desktop/Gupta Corporation/Projects/Blog Website/backend/node_modules/@clerk/backend/dist/index.js:3163:5)\n    at new AuthenticateContext (/home/gourav-gupta/Desktop/Gupta Corporation/Projects/Blog Website/backend/node_modules/@clerk/backend/dist/index.js:3112:10)\n    at createAuthenticateContext (/home/gourav-gupta/Desktop/Gupta Corporation/Projects/Blog Website/backend/node_modules/@clerk/backend/dist/index.js:3251:10)\n    at authenticateRequest (/home/gourav-gupta/Desktop/Gupta Corporation/Projects/Blog Website/backend/node_modules/@clerk/backend/dist/index.js:4000:37)\n    at Proxy.authenticateRequest2 (/home/gourav-gupta/Desktop/Gupta Corporation/Projects/Blog Website/backend/node_modules/@clerk/backend/dist/index.js:4364:12)\n    at authenticateRequest (/home/gourav-gupta/Desktop/Gupta Corporation/Projects/Blog Website/backend/node_modules/@clerk/clerk-sdk-node/dist/index.js:100:23)\n    at /home/gourav-gupta/Desktop/Gupta Corporation/Projects/Blog Website/backend/node_modules/@clerk/clerk-sdk-node/dist/index.js:196:30\n    at Layer.handleRequest (/home/gourav-gupta/Desktop/Gupta Corporation/Projects/Blog Website/backend/node_modules/router/lib/layer.js:152:17)","statusCode":500,"timestamp":"2026-04-28 23:09:24"}
{"level":"info","message":"----------------------------------------------","service":"blog-backend","timestamp":"2026-04-28 23:11:33"}
{"level":"info","message":"🚀 Server is running in development mode","service":"blog-backend","timestamp":"2026-04-28 23:11:33"}
{"level":"info","message":"📡 Listening on port: 5000","service":"blog-backend","timestamp":"2026-04-28 23:11:33"}
{"level":"info","message":"🔗 URL: http://localhost:5000","service":"blog-backend","timestamp":"2026-04-28 23:11:33"}
{"level":"info","message":"📦 Database: Supabase (https://hqoebdbzoyjdkszgdpmb.supabase.co)","service":"blog-backend","timestamp":"2026-04-28 23:11:33"}
{"level":"info","message":"----------------------------------------------","service":"blog-backend","timestamp":"2026-04-28 23:11:33"}
{"isOperational":true,"level":"error","message":"Could not find a relationship between 'bookmarks' and 'users' in the schema cache","service":"blog-backend","stack":"Error: Could not find a relationship between 'bookmarks' and 'users' in the schema cache\n    at /home/gourav-gupta/Desktop/Gupta Corporation/Projects/Blog Website/backend/src/controllers/user.controller.js:45:22\n    at process.processTicksAndRejections (node:internal/process/task_queues:103:5)","statusCode":500,"timestamp":"2026-04-29 02:27:12"}
{"level":"info","message":"::1 - - [28/Apr/2026:20:57:12 +0000] \"GET /api/v1/users/me/bookmarks HTTP/1.1\" 500 413 \"http://localhost:3000/\" \"Mozilla/5.0 (X11; Linux x86_64) AppleWebKit/537.36 (KHTML, like Gecko) Chrome/147.0.0.0 Safari/537.36\"","service":"blog-backend","timestamp":"2026-04-29 02:27:12"}
{"isOperational":true,"level":"error","message":"Could not find a relationship between 'bookmarks' and 'users' in the schema cache","service":"blog-backend","stack":"Error: Could not find a relationship between 'bookmarks' and 'users' in the schema cache\n    at /home/gourav-gupta/Desktop/Gupta Corporation/Projects/Blog Website/backend/src/controllers/user.controller.js:45:22\n    at process.processTicksAndRejections (node:internal/process/task_queues:103:5)","statusCode":500,"timestamp":"2026-04-29 02:27:13"}
{"level":"info","message":"::1 - - [28/Apr/2026:20:57:13 +0000] \"GET /api/v1/users/me/bookmarks HTTP/1.1\" 500 413 \"http://localhost:3000/\" \"Mozilla/5.0 (X11; Linux x86_64) AppleWebKit/537.36 (KHTML, like Gecko) Chrome/147.0.0.0 Safari/537.36\"","service":"blog-backend","timestamp":"2026-04-29 02:27:13"}
{"level":"info","message":"----------------------------------------------","service":"blog-backend","timestamp":"2026-04-29 02:28:33"}
{"level":"info","message":"🚀 Server is running in development mode","service":"blog-backend","timestamp":"2026-04-29 02:28:33"}
{"level":"info","message":"📡 Listening on port: 5000","service":"blog-backend","timestamp":"2026-04-29 02:28:33"}
{"level":"info","message":"🔗 URL: http://localhost:5000","service":"blog-backend","timestamp":"2026-04-29 02:28:33"}
{"level":"info","message":"📦 Database: Supabase (https://hqoebdbzoyjdkszgdpmb.supabase.co)","service":"blog-backend","timestamp":"2026-04-29 02:28:33"}
{"level":"info","message":"----------------------------------------------","service":"blog-backend","timestamp":"2026-04-29 02:28:33"}
{"isOperational":true,"level":"error","message":"Could not find a relationship between 'bookmarks' and 'users' in the schema cache","service":"blog-backend","stack":"Error: Could not find a relationship between 'bookmarks' and 'users' in the schema cache\n    at /home/gourav-gupta/Desktop/Gupta Corporation/Projects/Blog Website/backend/src/controllers/user.controller.js:45:22\n    at process.processTicksAndRejections (node:internal/process/task_queues:103:5)","statusCode":500,"timestamp":"2026-04-29 02:31:11"}
{"level":"info","message":"::1 - - [28/Apr/2026:21:01:11 +0000] \"GET /api/v1/users/me/bookmarks HTTP/1.1\" 500 413 \"http://localhost:3000/\" \"Mozilla/5.0 (X11; Linux x86_64) AppleWebKit/537.36 (KHTML, like Gecko) Chrome/147.0.0.0 Safari/537.36\"","service":"blog-backend","timestamp":"2026-04-29 02:31:11"}
{"level":"info","message":"----------------------------------------------","service":"blog-backend","timestamp":"2026-04-29 02:31:34"}
{"level":"info","message":"🚀 Server is running in development mode","service":"blog-backend","timestamp":"2026-04-29 02:31:34"}
{"level":"info","message":"📡 Listening on port: 5000","service":"blog-backend","timestamp":"2026-04-29 02:31:34"}
{"level":"info","message":"🔗 URL: http://localhost:5000","service":"blog-backend","timestamp":"2026-04-29 02:31:34"}
{"level":"info","message":"📦 Database: Supabase (https://hqoebdbzoyjdkszgdpmb.supabase.co)","service":"blog-backend","timestamp":"2026-04-29 02:31:34"}
{"level":"info","message":"----------------------------------------------","service":"blog-backend","timestamp":"2026-04-29 02:31:34"}
{"isOperational":true,"level":"error","message":"Could not find a relationship between 'bookmarks' and 'users' in the schema cache","service":"blog-backend","stack":"Error: Could not find a relationship between 'bookmarks' and 'users' in the schema cache\n    at /home/gourav-gupta/Desktop/Gupta Corporation/Projects/Blog Website/backend/src/controllers/user.controller.js:45:22\n    at process.processTicksAndRejections (node:internal/process/task_queues:103:5)","statusCode":500,"timestamp":"2026-04-29 02:31:48"}
{"level":"info","message":"::1 - - [28/Apr/2026:21:01:48 +0000] \"GET /api/v1/users/me/bookmarks HTTP/1.1\" 500 413 \"http://localhost:3000/\" \"Mozilla/5.0 (X11; Linux x86_64) AppleWebKit/537.36 (KHTML, like Gecko) Chrome/147.0.0.0 Safari/537.36\"","service":"blog-backend","timestamp":"2026-04-29 02:31:48"}
{"level":"info","message":"----------------------------------------------","service":"blog-backend","timestamp":"2026-04-29 02:32:16"}
{"level":"info","message":"🚀 Server is running in development mode","service":"blog-backend","timestamp":"2026-04-29 02:32:16"}
{"level":"info","message":"📡 Listening on port: 5000","service":"blog-backend","timestamp":"2026-04-29 02:32:16"}
{"level":"info","message":"🔗 URL: http://localhost:5000","service":"blog-backend","timestamp":"2026-04-29 02:32:16"}
{"level":"info","message":"📦 Database: Supabase (https://hqoebdbzoyjdkszgdpmb.supabase.co)","service":"blog-backend","timestamp":"2026-04-29 02:32:16"}
{"level":"info","message":"----------------------------------------------","service":"blog-backend","timestamp":"2026-04-29 02:32:16"}
{"level":"info","message":"----------------------------------------------","service":"blog-backend","timestamp":"2026-04-29 02:32:23"}
{"level":"info","message":"🚀 Server is running in development mode","service":"blog-backend","timestamp":"2026-04-29 02:32:23"}
{"level":"info","message":"📡 Listening on port: 5000","service":"blog-backend","timestamp":"2026-04-29 02:32:23"}
{"level":"info","message":"🔗 URL: http://localhost:5000","service":"blog-backend","timestamp":"2026-04-29 02:32:23"}
{"level":"info","message":"📦 Database: Supabase (https://hqoebdbzoyjdkszgdpmb.supabase.co)","service":"blog-backend","timestamp":"2026-04-29 02:32:23"}
{"level":"info","message":"----------------------------------------------","service":"blog-backend","timestamp":"2026-04-29 02:32:23"}
{"level":"info","message":"::1 - - [28/Apr/2026:21:02:56 +0000] \"GET /api/v1/users/me/bookmarks HTTP/1.1\" 200 26 \"http://localhost:3000/\" \"Mozilla/5.0 (X11; Linux x86_64) AppleWebKit/537.36 (KHTML, like Gecko) Chrome/147.0.0.0 Safari/537.36\"","service":"blog-backend","timestamp":"2026-04-29 02:32:56"}
{"level":"info","message":"----------------------------------------------","service":"blog-backend","timestamp":"2026-04-29 02:33:40"}
{"level":"info","message":"🚀 Server is running in development mode","service":"blog-backend","timestamp":"2026-04-29 02:33:40"}
{"level":"info","message":"📡 Listening on port: 5000","service":"blog-backend","timestamp":"2026-04-29 02:33:40"}
{"level":"info","message":"🔗 URL: http://localhost:5000","service":"blog-backend","timestamp":"2026-04-29 02:33:40"}
{"level":"info","message":"📦 Database: Supabase (https://hqoebdbzoyjdkszgdpmb.supabase.co)","service":"blog-backend","timestamp":"2026-04-29 02:33:40"}
{"level":"info","message":"----------------------------------------------","service":"blog-backend","timestamp":"2026-04-29 02:33:40"}
